// Jest Snapshot v1, https://goo.gl/fbAQLP

exports[`AddTrack should match with snapshot 1`] = `
<div
  className="add-track"
>
  <div
    className="content"
  >
    <div
      className="content__msg"
    >
      Add your study time for today!
    </div>
    <div
      className="track-form "
    >
      
      <form
        className="track-form__form"
        onSubmit={[Function]}
      >
        <div
          className="track-form__date"
        >
          <input
            onChange={[Function]}
            type="date"
            value="2021-08-26"
          />
        </div>
        <div
          className="track-form__group"
        />
        <button
          className="home__btn"
          type="submit"
        >
          Save
        </button>
      </form>
    </div>
    
    
    <a
      className="home__btn"
      href="/tracks"
      onClick={[Function]}
    >
      Cancel & Back to Time List
    </a>
  </div>
</div>
`;
