// Jest Snapshot v1, https://goo.gl/fbAQLP

exports[`More should match with snapshot 1`] = `
<div
  className="more"
>
  <div
    className="more__content"
  >
    <div
      className="more__header"
    >
      <div
        className="more__header__wrapper"
      >
        <div
          className="more__thumb"
        >
          <img
            alt="Anonymous"
            className="more__thumb__image"
            src="default-icon.jpg"
          />
        </div>
        <div
          className="more__names"
        >
          <div
            className="more__names__name"
          >
            Anonymous
          </div>
          <div
            className="more__names__text"
          >
            I'm a super learner
          </div>
        </div>
      </div>
    </div>
    <div
      className="more__items"
    >
      <a
        className="more__link"
        href="/more"
        onClick={[Function]}
      >
        <svg
          fill="currentColor"
          height="1em"
          stroke="currentColor"
          strokeWidth="0"
          style={
            Object {
              "color": undefined,
            }
          }
          viewBox="0 0 24 24"
          width="1em"
          xmlns="http://www.w3.org/2000/svg"
        >
          <path
            d="M19,2H9C7.897,2,7,2.897,7,4v5.586l-4.707,4.707c-0.286,0.286-0.372,0.716-0.217,1.09S2.596,16,3,16v1v4 c0,0.553,0.448,1,1,1h8h8c0.553,0,1-0.447,1-1V4C21,2.897,20.103,2,19,2z M11,20H5v-3v-2v-0.586l3-3l3,3V15v3V20z M19,20h-6v-2v-2 c0.404,0,0.77-0.243,0.924-0.617c0.155-0.374,0.069-0.804-0.217-1.09L9,9.586V4h10V20z"
          />
          <path
            d="M11 6H13V8H11zM15 6H17V8H15zM15 10.031H17V12H15zM15 14H17V16H15zM7 15H9V17H7z"
          />
        </svg>
        About Us
      </a>
      <a
        className="more__link"
        href="/more"
        onClick={[Function]}
      >
        <svg
          fill="currentColor"
          height="1em"
          stroke="currentColor"
          strokeWidth="0"
          style={
            Object {
              "color": undefined,
            }
          }
          viewBox="0 0 24 24"
          width="1em"
          xmlns="http://www.w3.org/2000/svg"
        >
          <g>
            <path
              d="M0 0h24v24H0z"
              fill="none"
            />
            <path
              d="M19 7h5v2h-5V7zm-2 5h7v2h-7v-2zm3 5h4v2h-4v-2zM2 22a8 8 0 1 1 16 0h-2a6 6 0 1 0-12 0H2zm8-9c-3.315 0-6-2.685-6-6s2.685-6 6-6 6 2.685 6 6-2.685 6-6 6zm0-2c2.21 0 4-1.79 4-4s-1.79-4-4-4-4 1.79-4 4 1.79 4 4 4z"
            />
          </g>
        </svg>
        Contact Us
      </a>
      <a
        className="more__link"
        href="/more"
        onClick={[Function]}
      >
        <svg
          fill="currentColor"
          height="1em"
          stroke="currentColor"
          strokeWidth="0"
          style={
            Object {
              "color": undefined,
            }
          }
          viewBox="0 0 1024 1024"
          width="1em"
          xmlns="http://www.w3.org/2000/svg"
        >
          <path
            d="M511.6 76.3C264.3 76.2 64 276.4 64 523.5 64 718.9 189.3 885 363.8 946c23.5 5.9 19.9-10.8 19.9-22.2v-77.5c-135.7 15.9-141.2-73.9-150.3-88.9C215 726 171.5 718 184.5 703c30.9-15.9 62.4 4 98.9 57.9 26.4 39.1 77.9 32.5 104 26 5.7-23.5 17.9-44.5 34.7-60.8-140.6-25.2-199.2-111-199.2-213 0-49.5 16.3-95 48.3-131.7-20.4-60.5 1.9-112.3 4.9-120 58.1-5.2 118.5 41.6 123.2 45.3 33-8.9 70.7-13.6 112.9-13.6 42.4 0 80.2 4.9 113.5 13.9 11.3-8.6 67.3-48.8 121.3-43.9 2.9 7.7 24.7 58.3 5.5 118 32.4 36.8 48.9 82.7 48.9 132.3 0 102.2-59 188.1-200 212.9a127.5 127.5 0 0 1 38.1 91v112.5c.8 9 0 17.9 15 17.9 177.1-59.7 304.6-227 304.6-424.1 0-247.2-200.4-447.3-447.5-447.3z"
          />
        </svg>
        Profile
      </a>
      <a
        className="more__link"
        href="/more"
        onClick={[Function]}
      >
        <svg
          fill="currentColor"
          height="1em"
          stroke="currentColor"
          strokeWidth="0"
          style={
            Object {
              "color": undefined,
            }
          }
          viewBox="0 0 16 16"
          width="1em"
          xmlns="http://www.w3.org/2000/svg"
        >
          <path
            d="M4 7H3V2h1v5zm-1 7h1v-3H3v3zm5 0h1V8H8v6zm5 0h1v-2h-1v2zm1-12h-1v6h1V2zM9 2H8v2h1V2zM5 8H2c-.55 0-1 .45-1 1s.45 1 1 1h3c.55 0 1-.45 1-1s-.45-1-1-1zm5-3H7c-.55 0-1 .45-1 1s.45 1 1 1h3c.55 0 1-.45 1-1s-.45-1-1-1zm5 4h-3c-.55 0-1 .45-1 1s.45 1 1 1h3c.55 0 1-.45 1-1s-.45-1-1-1z"
            fillRule="evenodd"
          />
        </svg>
        Settings
      </a>
      <a
        className="more__link"
        href="/more"
        onClick={[Function]}
      >
        <svg
          fill="currentColor"
          height="1em"
          stroke="currentColor"
          strokeWidth="0"
          style={
            Object {
              "color": undefined,
            }
          }
          viewBox="0 0 24 24"
          width="1em"
          xmlns="http://www.w3.org/2000/svg"
        >
          <path
            d="M12 6C9.831 6 8.066 7.765 8.066 9.934h2C10.066 8.867 10.934 8 12 8s1.934.867 1.934 1.934c0 .598-.481 1.032-1.216 1.626-.255.207-.496.404-.691.599C11.029 13.156 11 14.215 11 14.333V15h2l-.001-.633c.001-.016.033-.386.441-.793.15-.15.339-.3.535-.458.779-.631 1.958-1.584 1.958-3.182C15.934 7.765 14.169 6 12 6zM11 16H13V18H11z"
          />
          <path
            d="M12,2C6.486,2,2,6.486,2,12s4.486,10,10,10s10-4.486,10-10S17.514,2,12,2z M12,20c-4.411,0-8-3.589-8-8s3.589-8,8-8 s8,3.589,8,8S16.411,20,12,20z"
          />
        </svg>
        Help
      </a>
    </div>
  </div>
</div>
`;
