// Jest Snapshot v1, https://goo.gl/fbAQLP

exports[`TrackListItem should match with snapshot 1`] = `
<div
  className="tracks__item "
>
  <div
    className="tracks__item__sign"
  >
    
  </div>
  <a
    className="tracks__item__link"
    href="/tracks/0"
    onClick={[Function]}
  >
    <div
      className="tracks__item__graph"
    >
      <div
        className="loader"
      >
        Loading...
      </div>
    </div>
    <div
      className="tracks__item__date"
    >
      Dec 31st 1969
    </div>
    <div
      className="tracks__item__rate"
    >
      <span
        className="rate"
      >
        0
      </span>
      %
    </div>
    <div
      className="tracks__item__toright"
    >
      <svg
        fill="currentColor"
        height="1em"
        stroke="currentColor"
        strokeWidth="0"
        style={
          Object {
            "color": undefined,
          }
        }
        viewBox="0 0 24 24"
        width="1em"
        xmlns="http://www.w3.org/2000/svg"
      >
        <path
          d="M12,2C6.486,2,2,6.486,2,12s4.486,10,10,10s10-4.486,10-10S17.514,2,12,2z M12,20c-4.411,0-8-3.589-8-8s3.589-8,8-8 s8,3.589,8,8S16.411,20,12,20z"
        />
        <path
          d="M9.293 7.707L13.586 12 9.293 16.293 10.707 17.707 16.414 12 10.707 6.293z"
        />
      </svg>
    </div>
  </a>
</div>
`;
